// Jest Snapshot v1, https://goo.gl/fbAQLP

exports[`renders correctly 1`] = `
<View
  style={
    {
      "alignSelf": "center",
      "backgroundColor": "#fff",
      "borderColor": "#ccc",
      "borderRadius": 10,
      "borderWidth": 1,
      "marginBottom": 20,
      "maxWidth": 400,
      "padding": 16,
      "width": "90%",
    }
  }
>
  <ViewManagerAdapter_ExpoImage
    borderRadius={8}
    containerViewRef={"[React.ref]"}
    contentFit="cover"
    contentPosition={
      {
        "left": "50%",
        "top": "50%",
      }
    }
    height={200}
    marginBottom={12}
    nativeViewRef={"[React.ref]"}
    onError={[Function]}
    onLoad={[Function]}
    onLoadStart={[Function]}
    onProgress={[Function]}
    placeholder={
      [
        {
          "height": 16,
          "uri": "blurhash:/%7CrF%3FhV%252WCj%5Bayj%5Ba%7Cj%5Baz_NaeWBj@ayfRayfQfQM%7BM%7Cazj%5Bazf6fQfQfQIpWXofj%5Bayj%5Bj%5BfQayWCoeoeaya%7Dj%5BayfQa%7BoLj%3Fj%5BWVj%5Bayayj%5BfQoff7azayj%5Bayj%5Bj%5Bayofayayayj%5BfQj%5Bayayj%5Bayfjj%5Bj%5Bayjuayj%5B",
          "width": 16,
        },
      ]
    }
    source={
      [
        {
          "uri": "link-to-image",
        },
      ]
    }
    style={
      {
        "borderRadius": 8,
        "height": 200,
        "marginBottom": 12,
        "width": "100%",
      }
    }
    transition={
      {
        "duration": 1000,
      }
    }
    width="100%"
  />
  <View
    style={
      {
        "alignItems": "center",
        "marginBottom": 12,
      }
    }
  >
    <Text
      style={
        {
          "color": "#333",
          "fontSize": 16,
          "fontWeight": "bold",
        }
      }
    >
      0
    </Text>
  </View>
  <View
    style={
      {
        "alignItems": "center",
        "flexDirection": "row",
        "justifyContent": "space-between",
      }
    }
  >
    <View
      accessibilityState={
        {
          "busy": undefined,
          "checked": undefined,
          "disabled": undefined,
          "expanded": undefined,
          "selected": undefined,
        }
      }
      accessibilityValue={
        {
          "max": undefined,
          "min": undefined,
          "now": undefined,
          "text": undefined,
        }
      }
      accessible={true}
      collapsable={false}
      focusable={true}
      onClick={[Function]}
      onResponderGrant={[Function]}
      onResponderMove={[Function]}
      onResponderRelease={[Function]}
      onResponderTerminate={[Function]}
      onResponderTerminationRequest={[Function]}
      onStartShouldSetResponder={[Function]}
      style={
        {
          "backgroundColor": "#ff7f50",
          "borderColor": "#ff7f50",
          "borderRadius": 5,
          "borderWidth": 1,
          "marginRight": 12,
          "opacity": 1,
          "paddingHorizontal": 16,
          "paddingVertical": 8,
        }
      }
    >
      <Text
        style={
          {
            "color": "#fff",
            "fontWeight": "bold",
          }
        }
      >
        Favourite
      </Text>
    </View>
    <View
      style={
        {
          "alignItems": "center",
          "flexDirection": "row",
        }
      }
    >
      <View
        accessibilityState={
          {
            "busy": undefined,
            "checked": undefined,
            "disabled": undefined,
            "expanded": undefined,
            "selected": undefined,
          }
        }
        accessibilityValue={
          {
            "max": undefined,
            "min": undefined,
            "now": undefined,
            "text": undefined,
          }
        }
        accessible={true}
        collapsable={false}
        focusable={true}
        onClick={[Function]}
        onResponderGrant={[Function]}
        onResponderMove={[Function]}
        onResponderRelease={[Function]}
        onResponderTerminate={[Function]}
        onResponderTerminationRequest={[Function]}
        onStartShouldSetResponder={[Function]}
        style={
          {
            "borderColor": "#ccc",
            "borderRadius": 5,
            "borderWidth": 1,
            "marginHorizontal": 6,
            "opacity": 1,
            "padding": 8,
          }
        }
      >
        <Text
          style={
            {
              "fontSize": 18,
            }
          }
        >
          ⬆️
        </Text>
      </View>
      <View
        accessibilityState={
          {
            "busy": undefined,
            "checked": undefined,
            "disabled": undefined,
            "expanded": undefined,
            "selected": undefined,
          }
        }
        accessibilityValue={
          {
            "max": undefined,
            "min": undefined,
            "now": undefined,
            "text": undefined,
          }
        }
        accessible={true}
        collapsable={false}
        focusable={true}
        onClick={[Function]}
        onResponderGrant={[Function]}
        onResponderMove={[Function]}
        onResponderRelease={[Function]}
        onResponderTerminate={[Function]}
        onResponderTerminationRequest={[Function]}
        onStartShouldSetResponder={[Function]}
        style={
          {
            "borderColor": "#ccc",
            "borderRadius": 5,
            "borderWidth": 1,
            "marginHorizontal": 6,
            "opacity": 1,
            "padding": 8,
          }
        }
      >
        <Text
          style={
            {
              "fontSize": 18,
            }
          }
        >
          ⬇️
        </Text>
      </View>
    </View>
  </View>
</View>
`;
