// Jest Snapshot v1, https://goo.gl/fbAQLP

exports[`renders correctly 1`] = `
<View
  style={
    {
      "alignItems": "center",
      "backgroundColor": "#fff",
      "flex": 1,
      "justifyContent": "center",
      "padding": 20,
    }
  }
>
  <Text
    style={
      {
        "color": "#333",
        "fontSize": 22,
        "fontWeight": "bold",
        "marginBottom": 8,
      }
    }
  >
    No Cats Available
  </Text>
  <Text
    style={
      {
        "color": "#777",
        "fontSize": 16,
        "marginBottom": 16,
        "textAlign": "center",
      }
    }
  >
    Looks like there are no cats to display right now. Upload a new cat image to get started!
  </Text>
  <View
    accessibilityState={
      {
        "busy": undefined,
        "checked": undefined,
        "disabled": undefined,
        "expanded": undefined,
        "selected": undefined,
      }
    }
    accessibilityValue={
      {
        "max": undefined,
        "min": undefined,
        "now": undefined,
        "text": undefined,
      }
    }
    accessible={true}
    collapsable={false}
    focusable={true}
    onBlur={[Function]}
    onClick={[Function]}
    onFocus={[Function]}
    onResponderGrant={[Function]}
    onResponderMove={[Function]}
    onResponderRelease={[Function]}
    onResponderTerminate={[Function]}
    onResponderTerminationRequest={[Function]}
    onStartShouldSetResponder={[Function]}
    style={
      {
        "backgroundColor": "#ff7f50",
        "borderRadius": 5,
        "paddingHorizontal": 24,
        "paddingVertical": 12,
      }
    }
  >
    <Text
      style={
        {
          "color": "#fff",
          "fontSize": 16,
          "fontWeight": "bold",
        }
      }
    >
      Upload Image
    </Text>
  </View>
</View>
`;
